{
   "survey":[
      {
         "constraint":"",
         "relevant":"",
         "name":"intro",
         "hint":"",
         "calculation":"",
         "required":"",
         "appearance":"",
         "label":"VMMC IPC Household Registration Form. Introduce yourself as a health promoter with Society for Family Health, currently working on the Voluntary Medical Male Circumcision campaign. Ask if there is a head of household, spouse or find the eldest competent respondent over the age of 18 that can answer some questions about the men residing in the household. Once the respondent has been identified, introduce yourself again. Ask the respondent whether knows about male circumcision and the VMMC campaign currently taking place in Lusaka.",
         "type":"note"
      },
      {
         "constraint":"",
         "relevant":"",
         "name":"hh_number",
         "hint":"",
         "calculation":"",
         "required":"",
         "appearance":"",
         "label":"Household Number",
         "type":"text"
      },
      {
         "constraint":"",
         "relevant":"",
         "name":"visit",
         "hint":"",
         "calculation":"",
         "required":"",
         "appearance":"",
         "label":"Date of visit",
         "type":"date"
      },
      {
         "constraint":"",
         "relevant":"",
         "name":"interviewer",
         "hint":"",
         "calculation":"",
         "required":"",
         "appearance":"",
         "label":"Name of Health Promoter",
         "type":"text"
      },
      {
         "constraint":"",
         "relevant":"",
         "name":"result",
         "hint":"",
         "calculation":"",
         "required":"yes",
         "appearance":"",
         "label":"Is a compentant household member available to answer this questionaire?",
         "type":"select_one result"
      },
      {
         "constraint":"",
         "relevant":"${result} = 'other'",
         "name":"result_other",
         "hint":"",
         "calculation":"",
         "required":"yes",
         "appearance":"",
         "label":"Please specify",
         "type":"text"
      },
      {
         "constraint":". > ${visit}",
         "relevant":"${result} != 'completed'",
         "name":"next",
         "hint":"",
         "calculation":"",
         "required":"",
         "appearance":"",
         "label":"Next visit date",
         "type":"date"
      },
      {
         "constraint":"",
         "relevant":"${result} != 'completed'",
         "name":"next_time",
         "hint":"",
         "calculation":"",
         "required":"",
         "appearance":"",
         "label":"Next visit hour (example: 1 pm)",
         "type":"time"
      },
      {
         "constraint":"",
         "relevant":"",
         "name":"name_hh",
         "hint":"",
         "calculation":"",
         "required":"yes",
         "appearance":"",
         "label":"1a. Name of the head of household",
         "type":"text"
      },
      {
         "constraint":"",
         "relevant":"",
         "name":"sex",
         "hint":"",
         "calculation":"",
         "required":"yes",
         "appearance":"",
         "label":"1b. Sex of head of household",
         "type":"select_one sex"
      },
      {
         "constraint":"",
         "relevant":"${sex} = 'male'",
         "name":"sex_male",
         "hint":"",
         "calculation":"",
         "required":"",
         "appearance":"",
         "label":"1c. If male and married, how many  wives",
         "type":"integer"
      },
      {
         "constraint":"",
         "relevant":"",
         "name":"name_respondant",
         "hint":"",
         "calculation":"",
         "required":"",
         "appearance":"",
         "label":"2. Name of questionaire respondent",
         "type":"text"
      },
      {
         "constraint":"",
         "relevant":"",
         "name":"sex1",
         "hint":"",
         "calculation":"",
         "required":"",
         "appearance":"",
         "label":"2a. Sex of questionaire respondent",
         "type":"select_one sex"
      },
      {
         "constraint":"",
         "relevant":"",
         "name":"address",
         "hint":"",
         "calculation":"",
         "required":"yes",
         "appearance":"",
         "label":"3. Physical address",
         "type":"text"
      },
      {
         "constraint":". >=0",
         "relevant":"",
         "name":"male_all",
         "hint":"",
         "calculation":"",
         "required":"yes",
         "appearance":"",
         "label":"4. # of males residing in the household",
         "type":"integer"
      },
      {
         "constraint":". <=${male_all}",
         "relevant":"",
         "name":"male_10_14",
         "hint":"",
         "calculation":"",
         "required":"yes",
         "appearance":"",
         "label":"5. # of males aged 10 to 14 years residing in the household",
         "type":"integer"
      },
      {
         "constraint":". <=${male_10_14}",
         "relevant":"",
         "name":"male_uncircumcised",
         "hint":"",
         "calculation":"",
         "required":"yes",
         "appearance":"",
         "label":"5a.  # of males aged 10-14 uncircumcised in the household",
         "type":"integer"
      },
      {
         "constraint":". <=${male_all} - ${male_10_14}",
         "relevant":"",
         "name":"male_15_29",
         "hint":"",
         "calculation":"",
         "required":"yes",
         "appearance":"",
         "label":"6. # of males aged 15-29 in the household",
         "type":"integer"
      },
      {
         "constraint":". <=${male_15_29}",
         "relevant":"",
         "name":"male_uncircumcised_15-29",
         "hint":"",
         "calculation":"",
         "required":"yes",
         "appearance":"",
         "label":"6a. # of males aged 15 to 29 that are uncircumcised in household",
         "type":"integer"
      },
      {
         "constraint":". <=${male_all} - ${male_15_29}  - ${male_10_14}",
         "relevant":"",
         "name":"male_30",
         "hint":"",
         "calculation":"",
         "required":"yes",
         "appearance":"",
         "label":"7. # of males aged above 30 years",
         "type":"integer"
      },
      {
         "constraint":". <=${male_30}",
         "relevant":"",
         "name":"male_uncircumcised_30",
         "hint":"",
         "calculation":"",
         "required":"yes",
         "appearance":"",
         "label":"7a. # of males aged over 30 are uncircumcised in household",
         "type":"integer"
      },
      {
         "constraint":"",
         "relevant":"",
         "name":"zone",
         "hint":"",
         "calculation":"",
         "required":"",
         "appearance":"",
         "label":"",
         "type":"cascading_select zones"
      }
   ],
   "cascades":[
      {
         "districts":"Please select the District",
         "facilities":"Please select the Facility",
         "zones":"Please select the Zone",
         "villages":"Please select the community",
         "name":"label"
      },
      {
         "districts":"Lusaka_District",
         "facilities":"Kalingalinga_Urban_Health_Center",
         "zones":"zone_01",
         "villages":"Kalingalinga",
         "name":"choice_label"
      },
      {
         "districts":"Lusaka_District",
         "facilities":"Kalingalinga_Urban_Health_Center",
         "zones":"zone_02",
         "villages":"Kalingalinga",
         "name":"choice_label"
      },
      {
         "districts":"Lusaka_District",
         "facilities":"Kalingalinga_Urban_Health_Center",
         "zones":"zone_03",
         "villages":"Kalingalinga",
         "name":"choice_label"
      },
      {
         "districts":"Lusaka_District",
         "facilities":"Kalingalinga_Urban_Health_Center",
         "zones":"zone_04",
         "villages":"Kalingalinga",
         "name":"choice_label"
      },
      {
         "districts":"Lusaka_District",
         "facilities":"Kalingalinga_Urban_Health_Center",
         "zones":"zone_05",
         "villages":"Kalingalinga",
         "name":"choice_label"
      },
      {
         "districts":"Lusaka_District",
         "facilities":"Kalingalinga_Urban_Health_Center",
         "zones":"zone_06",
         "villages":"Kalingalinga",
         "name":"choice_label"
      },
      {
         "districts":"Lusaka_District",
         "facilities":"Kalingalinga_Urban_Health_Center",
         "zones":"zone_07",
         "villages":"Kalingalinga",
         "name":"choice_label"
      },
      {
         "districts":"Lusaka_District",
         "facilities":"Kalingalinga_Urban_Health_Center",
         "zones":"zone_08",
         "villages":"Kalingalinga",
         "name":"choice_label"
      },
      {
         "districts":"Lusaka_District",
         "facilities":"Kalingalinga_Urban_Health_Center",
         "zones":"zone_09",
         "villages":"Kalingalinga",
         "name":"choice_label"
      },
      {
         "districts":"Lusaka_District",
         "facilities":"Kalingalinga_Urban_Health_Center",
         "zones":"zone_10",
         "villages":"Kalingalinga",
         "name":"choice_label"
      }
   ],
   "choices":[
      {
         "list name":"",
         "name":"",
         "label":""
      },
      {
         "list name":"district",
         "name":1,
         "label":"district 01"
      },
      {
         "list name":"district",
         "name":2,
         "label":"district 02"
      },
      {
         "list name":"district",
         "name":3,
         "label":"district 03"
      },
      {
         "list name":"district",
         "name":4,
         "label":"district 04"
      },
      {
         "list name":"",
         "name":"",
         "label":""
      },
      {
         "list name":"facility",
         "name":1,
         "label":"facility 01"
      },
      {
         "list name":"facility",
         "name":2,
         "label":"facility 02"
      },
      {
         "list name":"facility",
         "name":3,
         "label":"facility 03"
      },
      {
         "list name":"facility",
         "name":4,
         "label":"facility 04"
      },
      {
         "list name":"",
         "name":"",
         "label":""
      },
      {
         "list name":"zone",
         "name":1,
         "label":"zone 1"
      },
      {
         "list name":"zone",
         "name":2,
         "label":"zone 2"
      },
      {
         "list name":"zone",
         "name":3,
         "label":"zone 3"
      },
      {
         "list name":"zone",
         "name":4,
         "label":"zone 4"
      },
      {
         "list name":"zone",
         "name":5,
         "label":"zone 5"
      },
      {
         "list name":"zone",
         "name":6,
         "label":"zone 6"
      },
      {
         "list name":"zone",
         "name":7,
         "label":"zone 7"
      },
      {
         "list name":"zone",
         "name":8,
         "label":"zone 8"
      },
      {
         "list name":"zone",
         "name":9,
         "label":"zone 9"
      },
      {
         "list name":"",
         "name":"",
         "label":""
      },
      {
         "list name":"result",
         "name":"completed",
         "label":"Yes, a competent household member is available"
      },
      {
         "list name":"result",
         "name":"no_member",
         "label":"No competent household member is available"
      },
      {
         "list name":"result",
         "name":"postponed",
         "label":"Postponed"
      },
      {
         "list name":"result",
         "name":"refused",
         "label":"Refused to participate in survey"
      },
      {
         "list name":"result",
         "name":"other",
         "label":"Other"
      },
      {
         "list name":"",
         "name":"",
         "label":""
      },
      {
         "list name":"sex",
         "name":"male",
         "label":"Male"
      },
      {
         "list name":"sex",
         "name":"female",
         "label":"Female"
      },
      {
         "list name":"",
         "name":"",
         "label":""
      },
      {
         "list name":"relation",
         "name":"head",
         "label":"Head"
      },
      {
         "list name":"relation",
         "name":"spouse",
         "label":"Spouse"
      },
      {
         "list name":"relation",
         "name":"child",
         "label":"Child"
      },
      {
         "list name":"relation",
         "name":"father",
         "label":"Father"
      },
      {
         "list name":"relation",
         "name":"grand",
         "label":"Grandfather"
      },
      {
         "list name":"relation",
         "name":"uncle",
         "label":"Uncle"
      },
      {
         "list name":"relation",
         "name":"cousin",
         "label":"Cousin/Brother"
      },
      {
         "list name":"relation",
         "name":"nephew",
         "label":"Nephew"
      },
      {
         "list name":"relation",
         "name":"grandson",
         "label":"Grandson"
      },
      {
         "list name":"relation",
         "name":"stepson",
         "label":"Stepson"
      },
      {
         "list name":"relation",
         "name":"adopted",
         "label":"Adopted"
      },
      {
         "list name":"relation",
         "name":"inlaw",
         "label":"Inlaw"
      },
      {
         "list name":"relation",
         "name":"no",
         "label":"No relation"
      },
      {
         "list name":"",
         "name":"",
         "label":""
      },
      {
         "list name":"marital",
         "name":"single",
         "label":"Single"
      },
      {
         "list name":"marital",
         "name":"engaged",
         "label":"Engaged"
      },
      {
         "list name":"marital",
         "name":"one",
         "label":"Married to one wife"
      },
      {
         "list name":"marital",
         "name":"more",
         "label":"Married to more than one wife"
      },
      {
         "list name":"marital",
         "name":"divorced",
         "label":"Divorced"
      },
      {
         "list name":"marital",
         "name":"widow",
         "label":"Widow"
      },
      {
         "list name":"marital",
         "name":"separation",
         "label":"On separation"
      },
      {
         "list name":"",
         "name":"",
         "label":""
      },
      {
         "list name":"occupation",
         "name":"crop",
         "label":"Crop/Vegetables farming/sales"
      },
      {
         "list name":"occupation",
         "name":"livestock",
         "label":"Livestock production/sales"
      },
      {
         "list name":"occupation",
         "name":"pension",
         "label":"Pension/Gifts/Remittances/Cash transfer"
      },
      {
         "list name":"occupation",
         "name":"trade",
         "label":"Skilled trade"
      },
      {
         "list name":"occupation",
         "name":"labour",
         "label":"Casual labour"
      },
      {
         "list name":"occupation",
         "name":"business",
         "label":"Small business/fishing/small scale mining/brewing"
      },
      {
         "list name":"occupation",
         "name":"salary",
         "label":"Formal wages/salary"
      },
      {
         "list name":"occupation",
         "name":"sex",
         "label":"Commercial Sex worker"
      },
      {
         "list name":"occupation",
         "name":"dependant",
         "label":"Dependant"
      },
      {
         "list name":"occupation",
         "name":"school",
         "label":"In School/College/University"
      },
      {
         "list name":"occupation",
         "name":"other",
         "label":"Other"
      },
      {
         "list name":"",
         "name":"",
         "label":""
      },
      {
         "list name":"education",
         "name":"never",
         "label":"Never attended School"
      },
      {
         "list name":"education",
         "name":"grade1_4",
         "label":"Grade 1 - 4"
      },
      {
         "list name":"education",
         "name":"grade5_7",
         "label":"Grade 5 - 7"
      },
      {
         "list name":"education",
         "name":"grade8_9",
         "label":"Grade 8 - 9"
      },
      {
         "list name":"education",
         "name":"grade10_12",
         "label":"Grade 10 - 12"
      },
      {
         "list name":"education",
         "name":"prof_certificate",
         "label":"Professional Certificate"
      },
      {
         "list name":"education",
         "name":"diploma",
         "label":"Diploma"
      },
      {
         "list name":"education",
         "name":"university",
         "label":"University Degree & above"
      },
      {
         "list name":"",
         "name":"",
         "label":""
      },
      {
         "list name":"visit_status",
         "name":"pre_awareness",
         "label":"Pre-awareness"
      },
      {
         "list name":"visit_status",
         "name":"awareness",
         "label":"Awareness"
      },
      {
         "list name":"visit_status",
         "name":"circumcised",
         "label":"Decided to go for circumcision"
      },
      {
         "list name":"",
         "name":"",
         "label":""
      },
      {
         "list name":"age",
         "name":7,
         "label":7
      },
      {
         "list name":"age",
         "name":8,
         "label":8
      },
      {
         "list name":"age",
         "name":9,
         "label":9
      },
      {
         "list name":"age",
         "name":10,
         "label":10
      },
      {
         "list name":"age",
         "name":11,
         "label":11
      },
      {
         "list name":"age",
         "name":12,
         "label":12
      },
      {
         "list name":"age",
         "name":13,
         "label":13
      },
      {
         "list name":"age",
         "name":14,
         "label":14
      },
      {
         "list name":"age",
         "name":15,
         "label":15
      },
      {
         "list name":"age",
         "name":16,
         "label":16
      },
      {
         "list name":"age",
         "name":17,
         "label":17
      },
      {
         "list name":"age",
         "name":18,
         "label":18
      },
      {
         "list name":"age",
         "name":19,
         "label":19
      },
      {
         "list name":"age",
         "name":20,
         "label":20
      },
      {
         "list name":"age",
         "name":21,
         "label":21
      },
      {
         "list name":"age",
         "name":22,
         "label":22
      },
      {
         "list name":"age",
         "name":23,
         "label":23
      },
      {
         "list name":"age",
         "name":24,
         "label":24
      },
      {
         "list name":"age",
         "name":25,
         "label":25
      },
      {
         "list name":"age",
         "name":26,
         "label":26
      },
      {
         "list name":"age",
         "name":27,
         "label":27
      },
      {
         "list name":"age",
         "name":28,
         "label":28
      },
      {
         "list name":"age",
         "name":29,
         "label":29
      },
      {
         "list name":"age",
         "name":30,
         "label":30
      },
      {
         "list name":"age",
         "name":31,
         "label":31
      },
      {
         "list name":"age",
         "name":32,
         "label":32
      },
      {
         "list name":"age",
         "name":33,
         "label":33
      },
      {
         "list name":"age",
         "name":34,
         "label":34
      },
      {
         "list name":"age",
         "name":35,
         "label":35
      },
      {
         "list name":"age",
         "name":36,
         "label":36
      },
      {
         "list name":"age",
         "name":37,
         "label":37
      },
      {
         "list name":"age",
         "name":38,
         "label":38
      },
      {
         "list name":"age",
         "name":39,
         "label":39
      },
      {
         "list name":"age",
         "name":40,
         "label":40
      },
      {
         "list name":"age",
         "name":41,
         "label":41
      },
      {
         "list name":"age",
         "name":42,
         "label":42
      },
      {
         "list name":"age",
         "name":43,
         "label":43
      },
      {
         "list name":"age",
         "name":44,
         "label":44
      },
      {
         "list name":"age",
         "name":45,
         "label":45
      },
      {
         "list name":"age",
         "name":46,
         "label":46
      },
      {
         "list name":"age",
         "name":47,
         "label":47
      },
      {
         "list name":"age",
         "name":48,
         "label":48
      },
      {
         "list name":"age",
         "name":49,
         "label":49
      },
      {
         "list name":"age",
         "name":50,
         "label":50
      },
      {
         "list name":"age",
         "name":51,
         "label":51
      },
      {
         "list name":"age",
         "name":52,
         "label":52
      },
      {
         "list name":"age",
         "name":53,
         "label":53
      },
      {
         "list name":"age",
         "name":54,
         "label":54
      },
      {
         "list name":"age",
         "name":55,
         "label":55
      },
      {
         "list name":"age",
         "name":56,
         "label":56
      },
      {
         "list name":"age",
         "name":57,
         "label":57
      },
      {
         "list name":"age",
         "name":58,
         "label":58
      },
      {
         "list name":"age",
         "name":59,
         "label":59
      },
      {
         "list name":"age",
         "name":60,
         "label":60
      },
      {
         "list name":"age",
         "name":61,
         "label":61
      },
      {
         "list name":"age",
         "name":62,
         "label":62
      },
      {
         "list name":"age",
         "name":63,
         "label":63
      },
      {
         "list name":"age",
         "name":64,
         "label":64
      },
      {
         "list name":"age",
         "name":65,
         "label":65
      },
      {
         "list name":"age",
         "name":66,
         "label":66
      },
      {
         "list name":"age",
         "name":67,
         "label":67
      },
      {
         "list name":"age",
         "name":68,
         "label":68
      },
      {
         "list name":"age",
         "name":69,
         "label":69
      },
      {
         "list name":"age",
         "name":70,
         "label":70
      },
      {
         "list name":"age",
         "name":71,
         "label":71
      },
      {
         "list name":"age",
         "name":72,
         "label":72
      },
      {
         "list name":"age",
         "name":73,
         "label":73
      },
      {
         "list name":"age",
         "name":74,
         "label":74
      },
      {
         "list name":"age",
         "name":75,
         "label":75
      },
      {
         "list name":"age",
         "name":76,
         "label":76
      },
      {
         "list name":"age",
         "name":77,
         "label":77
      },
      {
         "list name":"age",
         "name":78,
         "label":78
      },
      {
         "list name":"age",
         "name":79,
         "label":79
      },
      {
         "list name":"age",
         "name":80,
         "label":80
      },
      {
         "list name":"age",
         "name":81,
         "label":81
      },
      {
         "list name":"age",
         "name":82,
         "label":82
      },
      {
         "list name":"age",
         "name":83,
         "label":83
      },
      {
         "list name":"age",
         "name":84,
         "label":84
      },
      {
         "list name":"age",
         "name":85,
         "label":85
      },
      {
         "list name":"age",
         "name":86,
         "label":86
      },
      {
         "list name":"age",
         "name":87,
         "label":87
      },
      {
         "list name":"age",
         "name":88,
         "label":88
      },
      {
         "list name":"age",
         "name":89,
         "label":89
      },
      {
         "list name":"age",
         "name":90,
         "label":90
      },
      {
         "list name":"",
         "name":"",
         "label":""
      },
      {
         "list name":"response",
         "name":"yes",
         "label":"Yes"
      },
      {
         "list name":"response",
         "name":"no",
         "label":"No"
      }
   ]
}